<!DOCTYPE html>
<html><body><div>1 2 3 4</div></body></html>
