<!DOCTYPE html>
<html><body>
<div class="wrap with null"><div>div</div></div>
<div class="wrap with main around"><main class="wrapper"><div>div</div></main></div>
<div class="wrap with main before">
<main class="before"></main><div>div</div>
</div>
</body></html>
