<!DOCTYPE html>
<html><body><div class="class">
<div>Lazy with function</div>
<div>Lazy with function nested</div>
<div>lazy with one node</div>
<div class="node-1">lazy with two nodes</div>
<div class="node-2">lazy with two nodes</div>
</div></body></html>
