<!DOCTYPE html>
<html><body><a class="hello'&quot;world">hello world</a></body></html>
