<!DOCTYPE html>
<html><body><div>&lt;strong&gt;strong&lt;/strong&gt;</div></body></html>
