<!DOCTYPE html>
<html><body><a class='hello"world'>hello world</a></body></html>
