<!DOCTYPE html>
<html><body><div><strong>strong</strong></div></body></html>
