<!DOCTYPE html>
<html><body><div>1 2 3</div></body></html>
