<!DOCTYPE html>
<html><body><div class="container">
<p>Hello<br><br><br>World !!</p>
<ul class="navigation">
<li class="item active-li"><a class="link active-a" href="#link-1">link 1</a></li>
<li class="item"><a class="link" href="#link-2">link 2</a></li>
<li class="item"><a class="link" href="#link-3">link 3</a></li>
<li class="item"><a class="link" href="#link-4">link 4</a></li>
</ul>
</div></body></html>
