<!DOCTYPE html>
<html><body><div>Hello<br>
World</div></body></html>
