<!DOCTYPE html>
<html><body><div>&lt;strong&gt;Hello&lt;/strong&gt;<br>
&lt;em&gt;World<br>
World&lt;/em&gt;</div></body></html>
