<!DOCTYPE html>
<html><body><div>1&nbsp;2</div></body></html>
