<!DOCTYPE html>
<html><body>content %s test %d %</body></html>
